The current time is Tue Jun 16 11:52:21 2026
CPUs=4
EXE="C:\Program Files\Renesas Electronics\Go Configure Software Hub\external\eda-placer\v23\eda-placer.exe"
BuildDir=C:\Program Files\Renesas Electronics\Go Configure Software Hub\external\eda-placer\v23
BuildPath="C:\Program Files\Renesas Electronics\Go Configure Software Hub\external\eda-placer\v23"
CWD=C:\Users\heyvi\AppData\Local\Temp\PuuPMsfm\out\minplacer\00003_pa03_00005_post
LogFile=minplacer_00003_pa03_00005.log
PrintScreen=..\_00003_pa03_stdout.txt
Command line: C:\Program Files\Renesas Electronics\Go Configure Software Hub\external\eda-placer\v23\eda-placer.exe -print_screen ..\_00003_pa03_stdout.txt -eflx_call_minplacer 00003_pa03_00005_post__out__ir_top
	Arg[0] C:\Program Files\Renesas Electronics\Go Configure Software Hub\external\eda-placer\v23\eda-placer.exe
	Arg[1] -print_screen
	Arg[2] ..\_00003_pa03_stdout.txt
	Arg[3] -eflx_call_minplacer
	Arg[4] 00003_pa03_00005_post__out__ir_top
Report CFG start:
            minplacer_output_clkloc = ..\..\minplacer\00003_pa03_00005_post\minplacer_clkloc.txt
           minplacer_ignore_regions = 0
    minplacer_output_vacant_lrbbloc = ..\..\minplacer\00003_pa03_00005_post\minplacer_vacant_lrbbloc.txt
    minplacer_post_use_sweep_target = 0
             minplacer_input_rbbloc = ..\..\minplacer\00003_pa03_00003_wl\minplacer_rbbloc.txt
     minplacer_post_use_sweep_local = 0
          minplacer_input_timingdef = ..\..\minplacer\00003_pa03_00002_setup\minplacer.timing_def
                 minplacer_rmany_mt = 1
               minplacer_input_edif = ..\..\minplacer\00003_pa03_00002_setup\minplacer.edf
              minplacer_post_target = 665
minplacer_output_rstarting_priority = ..\..\minplacer\00003_pa03_00005_post\minplacer_finderpriority.txt
minplacer_post_path_based_slack_range = 0
          post_find_timing_no_table = 0
                               loga = minplacer_00003_pa03_00005.log
              ta_report_limit_paths = -1
              minplacer_input_rd2sm = ..\..\minplacer\00003_pa03_00002_setup\minplacer.rnode2sm_def
         minplacer_post_target_mode = 2
                            verbose = 1
       minplacer_accept_stop_signal = ..\..\minplacer\stop_all.txt
         minplacer_input_rd2sitepin = ..\..\minplacer\00003_pa03_00002_setup\minplacer.rnode2sitepin_def
minplacer_report_timing_side_effect = 0
                minplacer_post_mode = 2
            minplacer_output_rbbloc = ..\..\minplacer\00003_pa03_00005_post\minplacer_rbbloc.txt
         minplacer_pann_random_walk = 24
            minplacer_input_chipdef = ..\..\minplacer\00003_pa03_00002_setup\minplacer.chip_def
      minplacer_accept_stop_signal2 = ..\..\minplacer\stop_00003_pa03_.txt
minplacer_post_limit_near_critical_pass = 3
                eflx_call_minplacer = 00003_pa03_00005_post__out__ir_top
                  minplacer_max_cpu = 1
          minplacer_post_limit_iter = 300
         minplacer_output_timingdef = ..\..\minplacer\00003_pa03_00005_post\minplacer.timing_def
     minplacer_print_timing_summary = 1
minplacer_ppath_skip_pipeff_as_target = 0
minplacer_ppipe_tile_boundary_detour = 1
  minplacer_post_longpathpen_weight = 1
                          qor_stats = 1
                  rfinder_use_table = 0
       minplacer_input_branchdlydef = ..\..\minplacer\00003_pa03_00002_setup\minplacer.branchdly_def
                       print_screen = ..\_00003_pa03_stdout.txt
minplacer_post_tarpos_by_sideeffect = 0
             minplacer_input_rgraph = ..\..\minplacer\00003_pa03_00002_setup\minplacer.rgraph_def
                minplacer_flow_post = 2
                     ta_report_hold = 1
          minplacer_input_clklatdef = ..\..\minplacer\00003_pa03_00002_setup\minplacer.clklat_def
Report CFG end:
PLACER_STANDALONE STARTS.
	INPUTS:
	minplacer_input_edif=..\..\minplacer\00003_pa03_00002_setup\minplacer.edf
	minplacer_input_chipdef=..\..\minplacer\00003_pa03_00002_setup\minplacer.chip_def
	minplacer_input_ramdef=<none>
	minplacer_input_timingdef=..\..\minplacer\00003_pa03_00002_setup\minplacer.timing_def
	minplacer_input_clklatdef=..\..\minplacer\00003_pa03_00002_setup\minplacer.clklat_def
	minplacer_input_rbbloc=..\..\minplacer\00003_pa03_00003_wl\minplacer_rbbloc.txt
	minplacer_input_tilerange=<none>
	minplacer_input_nledit=<none>
	minplacer_input_rgraph=..\..\minplacer\00003_pa03_00002_setup\minplacer.rgraph_def
	minplacer_input_rd2sm=..\..\minplacer\00003_pa03_00002_setup\minplacer.rnode2sm_def
	minplacer_input_rd2sitepin=..\..\minplacer\00003_pa03_00002_setup\minplacer.rnode2sitepin_def
	minplacer_input_branchdlydef=..\..\minplacer\00003_pa03_00002_setup\minplacer.branchdly_def
	minplacer_input_ravecs=<none>
	minplacer_input_rstarting_priority=<none>
	OUTPUTS:
	minplacer_output_edif=<none>
	minplacer_output_timingdef=..\..\minplacer\00003_pa03_00005_post\minplacer.timing_def
	minplacer_output_clklatdef=<none>
	minplacer_output_rbbloc=..\..\minplacer\00003_pa03_00005_post\minplacer_rbbloc.txt
	minplacer_output_vacant_lrbbloc=..\..\minplacer\00003_pa03_00005_post\minplacer_vacant_lrbbloc.txt
	minplacer_output_clkloc=..\..\minplacer\00003_pa03_00005_post\minplacer_clkloc.txt
	minplacer_output_rteloc=<none>
	minplacer_output_tilerange=<none>
	minplacer_output_nledit=<none>
	minplacer_output_branchdlydef=<none>
	minplacer_output_ravecs=<none>
	minplacer_output_rstarting_priority=..\..\minplacer\00003_pa03_00005_post\minplacer_finderpriority.txt
pProblemIni. isNmax=0 inflat=0 mem_dump_mode=0
Set ARRAYINFO: 32x32
ARRAYINFO: locs_per_tile=[32,32] pos_interval=[10,10] boundary_penalty=[20,10] l_shift_x0,xmult,yvalue=<1,3,0> max_iob_width=4 is_x2=0 clock=<max-num=2,max-inv=1,inv-noninv-as-one=false,ram-independent=false>
SITETYPE L LAYER=L SIDE=WEST NPIN=26/14
SITETYPE l LAYER=L SIDE=WEST NPIN=26/14
SITETYPE M LAYER=M SIDE=WEST NPIN=26/14
SITETYPE m LAYER=M SIDE=WEST NPIN=26/14
SITETYPE D LAYER=DSP SIDE=WEST NPIN=238/190
SITETYPE b LAYER=IOB SIDE=WEST NPIN=4/2
SITETYPE N LAYER=NCLT SIDE=WEST NPIN=96/48
SITETYPE R LAYER=RCLT SIDE=WEST NPIN=96/48
Getting tinfo M 0 0 64/64
Skip tile size [64,64] for TILE M X64Y64. Expecting [32,32]
Getting tinfo D 0 0 64/64
Skip tile size [64,64] for TILE D X64Y64. Expecting [32,32]
Getting tinfo I 0 0 64/64
Skip tile size [64,64] for TILE I X64Y64. Expecting [32,32]
Getting tinfo N 0 0 64/64
Skip tile size [64,64] for TILE N X64Y64. Expecting [32,32]
Getting tinfo Z 0 0 64/64
Skip tile size [64,64] for TILE Z X64Y64. Expecting [32,32]
Getting tinfo M 0 0 32/32
Getting tinfo M 10 0 64/64
Skip tile size [64,64] for TILEWHITE M 10 0 X64Y64. Expecting [32,32]
Getting tinfo M 20 0 64/64
Skip tile size [64,64] for TILEWHITE M 20 0 X64Y64. Expecting [32,32]
Getting tinfo M 30 0 64/64
Skip tile size [64,64] for TILEWHITE M 30 0 X64Y64. Expecting [32,32]
Getting tinfo D 10 0 64/64
Skip tile size [64,64] for TILEWHITE D 10 0 X64Y64. Expecting [32,32]
Getting tinfo D 20 0 64/64
Skip tile size [64,64] for TILEWHITE D 20 0 X64Y64. Expecting [32,32]
Getting tinfo D 30 0 64/64
Skip tile size [64,64] for TILEWHITE D 30 0 X64Y64. Expecting [32,32]
Getting tinfo I 10 0 64/64
Skip tile size [64,64] for TILEWHITE I 10 0 X64Y64. Expecting [32,32]
Getting tinfo I 20 0 64/64
Skip tile size [64,64] for TILEWHITE I 20 0 X64Y64. Expecting [32,32]
Getting tinfo I 30 0 64/64
Skip tile size [64,64] for TILEWHITE I 30 0 X64Y64. Expecting [32,32]
Getting tinfo N 99 0 64/64
Skip tile size [64,64] for TILEWHITE N 99 0 X64Y64. Expecting [32,32]
Getting tinfo Z 99 0 64/64
Skip tile size [64,64] for TILEWHITE Z 99 0 X64Y64. Expecting [32,32]
GeometryDumpMap starts.
GeometryDumpMap ends.
GeometryDumpMap starts.
GeometryDumpMap ends.
Layer[L] has 14/10 sites, total_cap=140
Layer[M] has 4/10 sites, total_cap=40
Layer[DSP] has 0/0 sites, total_cap=0
Layer[NCLT] has 0/0 sites, total_cap=0
Layer[RCLT] has 0/0 sites, total_cap=0
Setup 40 LM mapping.
Layer[ZIOB] has 0/0 sites, total_cap=0
GeometryDumpLayers starts.
GeometryDumpLayers ends.
pProblemIni. eramclkAsClock=1
pProblemIniNetlist. skip_hifi=0, skip_pppff=2147483647
Netlist=NETLIST_ir_top NumInst=129 NumNet=583
NumPinst=100
	DontPlace=0, NonRootRbbChainMember=27, NonRootDspChainMember=0, Const=1, ClkBuf=1
There are 129 instances. After combining instances in chains, there are 100 instances to place.
	Clock[0] OrigClock[0] net (net_index=2) clk
NumPnet=551
NumTrivial=3 NumDriverless=0
AverageFO=2.87 #HifiNet=0 AverageFO_HifiNet=0.00
NumClk=1 (with 0 inverted)
There are 551 nets in the design. Average fanout is 2.87.
There is 1 clock in the design.
NumInsts=100
Resource usages:
 Type=L: Capacity=140 Utilized=119 NumInst=92. [ChainLen=1]=82 [ChainLen=2]=5 [ChainLen=3]=1 [ChainLen=5]=1 [ChainLen=6]=2 [ChainLen=7]=1
 Type=M: Capacity=40 Utilized=1 NumInst=1. [ChainLen=1]=1
 Type=IOB: Capacity=184 Utilized=7 NumInst=7.
Min-placement step: Detaild placement (mode=2).
POST STARTS (FINDER_DELAY)
TileRange read: File is not given. Use whole chip.
Read 127 RBB-locations from EFLX file.
Reading timing_def file ..\..\minplacer\00003_pa03_00002_setup\minplacer.timing_def
pPipeAlloc: OptMode=1 PppFfInsertDone=0 MinPipeRtDly=98 #Chain=0 AveChainLen=0.0 MaxChainLen=0 #Net=0 AveChainFan=0.0 MaxChainFan=0 #MixedZeroFan=0 Opt_UseLatency=0 OptLine_RightSlack_WorseThreshold=100
(0) INI TWL = 52280(22310, 29970) ELAPSE=0
CROSS-TILE STAT: [0]=1580
PANN_TILERANGE LayerMask=40 TileRange={0,1; 0,1} RangeDivider=4 WL=52280 (22310, 29970) StartingIter=0 NumIters=1
PANN_TILERANGE  (iter=0) WL=52280 (22310, 29970) TIMESPENT=0
PANN_TILERANGE ENDS TIMESPENT=0
Long connection estimation: ...........
Short connection estimation: ...........
(1) IOS-ANN TWL = 52280(22310, 29970) ELAPSE=1
[ITER=0] WNS=-13815,M=7.907 TNS=-5491547 PathNumObj=3 *
[ITER=1] WNS=-13566,M=7.783 TNS=-5493366 PathNumObj=3 *
[ITER=2] WNS=-13128,M=7.564 TNS=-5430406 PathNumObj=4 *
[ITER=3] WNS=-13099,M=7.549 TNS=-5426850 PathNumObj=5 *
[ITER=4] WNS=-13078,M=7.539 TNS=-5417880 PathNumObj=2 *
[ITER=5] WNS=-12999,M=7.499 TNS=-5483821 PathNumObj=3 ***&
[ITER=6] WNS=-12983,M=7.491 TNS=-5471122 PathNumObj=2 *
[ITER=7] WNS=-12897,M=7.448 TNS=-5508672 PathNumObj=6 ***&
[ITER=8] WNS=-12805,M=7.402 TNS=-5461997 PathNumObj=2 ***
[ITER=9] WNS=-12792,M=7.396 TNS=-5474403 PathNumObj=4 *
[ITER=10] WNS=-12631,M=7.315 TNS=-5476940 PathNumObj=2 ***&
[ITER=11] WNS=-12623,M=7.311 TNS=-5483510 PathNumObj=2 ***&
[ITER=12] WNS=-12524,M=7.262 TNS=-5528190 PathNumObj=5 *
[ITER=13] WNS=-12519,M=7.259 TNS=-5520878 PathNumObj=4 ***&&&&&
[ITER=14] WNS=-12509,M=7.254 TNS=-5530514 PathNumObj=6 ***&
[ITER=15] WNS=-12373,M=7.186 TNS=-5548610 PathNumObj=2 *
[ITER=16] WNS=-12373,M=7.186 TNS=-5536069 PathNumObj=2 ***&&&&&
[ITER=17] WNS=-12373,M=7.186 TNS=-5536069 x PathNumObj=5 ***&
[ITER=18] WNS=-12365,M=7.182 TNS=-5513432 PathNumObj=3 ***&&&&&
[ITER=19] WNS=-12365,M=7.182 TNS=-5513432 x PathNumObj=4 ***&&&&&
[ITER=20] WNS=-12365,M=7.182 TNS=-5513432 PathNumObj=3 ***&&&&&
[ITER=21] WNS=-12365,M=7.182 TNS=-5513432 x PathNumObj=4 ***&&&&&
[ITER=22] WNS=-12365,M=7.182 TNS=-5513432 PathNumObj=3 ***&&&&&
[ITER=23] WNS=-12365,M=7.182 TNS=-5513432 x PathNumObj=4 
[ITER=23] NEAR WNS=-12365,M=7.182 TNS=-5513432 PathSlack=-12295 PathNumObj=2 *
[ITER=24] WNS=-12365,M=7.182 TNS=-5514147 x PathNumObj=4 ***&&&&&
[ITER=25] WNS=-12365,M=7.182 TNS=-5514147 PathNumObj=3 ***&&&&&
[ITER=26] WNS=-12365,M=7.182 TNS=-5514147 x PathNumObj=4 ***&&&&&
[ITER=27] WNS=-12365,M=7.182 TNS=-5514147 PathNumObj=3 ***&&&&&
[ITER=28] WNS=-12365,M=7.182 TNS=-5514147 x PathNumObj=4 
(2) IMPROVED TWL = 67390(29070, 38320) ELAPSE=34
(3) FIN TWL = 67390(29070, 38320) ELAPSE=34
CROSS-TILE STAT: [0]=1580
Wrote 93 RBB-locations out of 93 core insts and 27 chained insts to EFLX file ..\..\minplacer\00003_pa03_00005_post\minplacer_rbbloc.txt.
Wrote 7 RBB-locations out of 7 IOB insts to EFLX file ..\..\minplacer\00003_pa03_00005_post\minplacer_rbbloc.txt.
Wrote 0 RBB-locations out of 7 INTIOB insts to EFLX file ..\..\minplacer\00003_pa03_00005_post\minplacer_rbbloc.txt.
CLOCKPLAN_INI_NETLIST: NUM_CLOCKS=1 NUM_PINSTS=100
	 #Inst/Usage        L           M         DSP       SPRAM       UPRAM       2PRAM         IOB        ZIOB        NCLT        RCLT      
	   CLOCK[ 0]*    74(   90)    1(    1)                                                                                                
	   NON_CLOCK     18(   29)                                                                                                            
CLOCKPLAN_INI_GEO: NUM_TILE_SLICES=1/1
{Rsc/Util/MinThre={L=140/119/10 ,M=40/2/8 ,DSP=0/0/4 ,SPRAM=0/0/0 ,UPRAM=0/0/0 ,2PRAM=0/0/0 ,IOB=184/7/16 ,ZIOB=0/0/0 ,NCLT=0/0/0 ,RCLT=0/0/0}
CLOCKPLAN_INI_PORTLOCKS
	CLOCK[0]* port locks:
		{IX0Y0S1I0}
BuildGaps
	GAPS[0]: - -
	GAPS[1]: - -
CreateReachables:
	CLOCK[0] reachables: [0,0]
	CLOCK[0] distance: 0
AssignPorts skipped as all clocks have locked ports.
ClockPortFile ..\..\minplacer\00003_pa03_00005_post\minplacer_clkloc.txt written.

*********************************** TILE REPORT ***************************************
|------------------------|
|TILE_X0Y0               |
|#INST=100               |
|#CLK=1 #INVCLK=0        |
|#ERAM_CP    0           |
|#         0   0         |
|#           0           |
|*                       |
|sa0*                    |
|L=120,L37 C90           |
|M=1 C1                  |
|IOB=7 C5                |
|------------------------|
CLUSTER[0] LAYER0=L TILE=[0,0] CLK=<0,-1> ERAMCLK=<120,0> REGION=<none>
 {L=120 C90 M=1 C1 IOB=7 C5 LCHAIN=37 DCHAIN=0} #NEI=0 REACHABLES:
CLOCK[0] #LockedPort=1 #AssignedPort=0 #OutputPort=0 TX0Y0={#Cluster=1 L=120 M=1 IOB=7}
*********************************** TILE REPORT ***************************************


Placement timing:
         Clock        Group  Achievable Frequency(MHz)
--------------  -----------  -------------------------
           clk   <UDEF_clk>                    69.618 


POST ENDS
pProblemFin.
Min-placement step ends: Detaild placement (mode=2). Runtime: 0:0:40 (CPU time), 0:0:40 (real time); peak memory: 1415MB.


The current time is Tue Jun 16 11:53:01 2026



