[                                                  ][    2] Running placer flow WLTD (666).
[              minplacer\00002_pa02_00001_character][    2] Step character
[              minplacer\00002_pa02_00001_character][    2] Step MinPlacerChar minplacer_skip_dont_place=0 do_shortfd=0 do_shortfd_aggressive=0 do_precomb=0 do_precomb_aggressive=0 do_chain_to_tree=0 do_used_rbb_vacan=0 do_rep=1 do_reloc=0 do_repack=0 do_swabsorb=0 do_rplan=1
[              minplacer\00002_pa02_00001_character][    2] RbbUsage=120 PrePlaceTiming=72279.
[                  minplacer\00002_pa02_00002_setup][    2] Step setup
[                  minplacer\00002_pa02_00002_setup][    5] Step setup ends.
[                     minplacer\00002_pa02_00003_wl][    5] Step wl
[                     minplacer\00002_pa02_00003_wl][   30] Step wl returns 0. (timing=8050 cg=0)
[                     minplacer\00002_pa02_00003_wl][   30] Updating timing 8050 vs 2147483647.
[                 minplacer\00002_pa02_00004_repopt][   30] Step repopt
[                 minplacer\00002_pa02_00004_repopt][   40] Step repopt returns 0. (timing=8050 cg=0)
[                 minplacer\00002_pa02_00004_repopt][   40] Step has netlist change. (timing=8050 cg=0)
[                 minplacer\00002_pa02_00004_repopt][   40] Updating timing 8050 vs 8050.
[      minplacer\00002_pa02_00005_committing_nledit][   40] Step committing_nledit
[       minplacer\00002_pa02_00006_committed_nledit][   40] Step committed_nledit
[       minplacer\00002_pa02_00006_committed_nledit][   40] Step setup ends.
[       minplacer\00002_pa02_00006_committed_nledit][   40] Updating timing 8050 vs 8050.
[                  minplacer\00002_pa02_00007_repwl][   40] Step repwl
[                  minplacer\00002_pa02_00007_repwl][   51] Step repwl returns 0. (timing=8050 cg=0)
[                  minplacer\00002_pa02_00007_repwl][   51] Updating timing 8050 vs 8050.
[                   minplacer\00002_pa02_00008_post][   51] Step post
[                   minplacer\00002_pa02_00008_post][   86] Step post returns 0. (timing=14703R cg=0)
[                   minplacer\00002_pa02_00008_post][   86] Updating timing 14703R vs 8050.
[                  minplacer\00002_pa02_00009_rplan][   86] Step rplan
[                  minplacer\00002_pa02_00009_rplan][   96] Step rplan returns 0. (timing=14703R cg=50)
[                  minplacer\00002_pa02_00009_rplan][   96] Updating timing 14703R vs 14703R.
[                                                  ][   96] Running placer flow WLTD ends with TRUE.
