#COLLECTE 4 WINNING_JOBS
##PARALLEL JOB[3] (2,expjob_2) timing=14703 dir=minplacer\00002_pa02_00009_rplan
##PARALLEL JOB[2] (0,expjob_0) timing=14422 dir=minplacer\00000_pa00_00006_rplan
##PARALLEL JOB[1] (3,expjob_3) timing=14364 dir=minplacer\00003_pa03_00006_rplan
##PARALLEL JOB[0] (1,expjob_1) timing=14190 dir=minplacer\00001_pa01_00006_rplan
PrePlaceDly=72279
#PLC_RUNDIR=minplacer\00001_pa01_00003_wl timing=8019 cg=0
PlaceDly=8019
TWL=52220
PEAKMEM=1305MB
#PLC_RUNDIR=minplacer\00001_pa01_00004_repopt timing=8019 cg=0
PlaceDly=8019
TWL=52220
PEAKMEM=1338MB
#PLC_RUNDIR=minplacer\00001_pa01_00005_post timing=14190 cg=0
PostIter=16
PlaceDly=14190
TWL=61480
PEAKMEM=1415MB
TotPostIter=16
#PLC_RUNDIR=minplacer\00001_pa01_00006_rplan timing=14190 cg=50
FinderPnRatio=50
FinderPnIter=0
PlaceDly=14190
PEAKMEM=1374MB
ParWin                              =expjob_1
