


MINPLACER FLOW STARTS Tue Jun 16 11:51:43 2026
PARRAY=32x32
TILE_SIZE=1,1
MODULE_NAME=ir_top
GRANDITER=-1
FLOW_STRING=eflxexp1500
COMMIT_NLEDIT_IMMEDIATELY=1
USE_NMAX=0
USE_FINDER=1
USE_RTABLE=0
LATENCY_AWARE=1
HAS_PPP=0
FAIL_AS_CRASH=0
RUNTIME_LIMITED=1
MAX_CPU=4 (16 16 4)
REPORT_HOLD=1
IGNORE_REGION=0
IGNORE_REGION_AFTER_WL=0
VERIFY=0
[                                                  ][    2] Running placer flow EXP (version=1500).
[                                                  ][    2] Start 4 jobs with MAX_CPU=4, POOLSIZE=4 and requested_winning_jobs=1.
[                                                  ][    2] Running placer flow WLTD (666).
[              minplacer\00000_pa00_00001_character][    2] Step character
[              minplacer\00000_pa00_00001_character][    2] Step MinPlacerChar minplacer_skip_dont_place=0 do_shortfd=0 do_shortfd_aggressive=0 do_precomb=0 do_precomb_aggressive=0 do_chain_to_tree=0 do_used_rbb_vacan=0 do_rep=1 do_reloc=0 do_repack=0 do_swabsorb=0 do_rplan=1
[              minplacer\00000_pa00_00001_character][    2] RbbUsage=120 PrePlaceTiming=72279.
[                  minplacer\00000_pa00_00002_setup][    2] Step setup
[                  minplacer\00000_pa00_00002_setup][    4] Step setup ends.
[                     minplacer\00000_pa00_00003_wl][    4] Step wl
[                     minplacer\00000_pa00_00003_wl][   30] Step wl returns 0. (timing=8047 cg=0)
[                     minplacer\00000_pa00_00003_wl][   30] Updating timing 8047 vs 2147483647.
[                 minplacer\00000_pa00_00004_repopt][   30] Step repopt
[                 minplacer\00000_pa00_00004_repopt][   40] Step repopt returns 0. (timing=8047 cg=0)
[                 minplacer\00000_pa00_00004_repopt][   40] Step has no netlist change.
[                   minplacer\00000_pa00_00005_post][   40] Step post
[                   minplacer\00000_pa00_00005_post][   65] Step post returns 0. (timing=14422R cg=0)
[                   minplacer\00000_pa00_00005_post][   65] Updating timing 14422R vs 8047.
[                  minplacer\00000_pa00_00006_rplan][   65] Step rplan
[                  minplacer\00000_pa00_00006_rplan][   75] Step rplan returns 0. (timing=14422R cg=50)
[                  minplacer\00000_pa00_00006_rplan][   75] Updating timing 14422R vs 14422R.
[                                                  ][   75] Running placer flow WLTD ends with TRUE.
[                  minplacer\00000_pa00_00006_rplan][   75] Placer job(0) finished okay with timing=14422.
[                                                  ][    2] Running placer flow WLTD (666).
[              minplacer\00001_pa01_00001_character][    2] Step character
[              minplacer\00001_pa01_00001_character][    2] Step MinPlacerChar minplacer_skip_dont_place=0 do_shortfd=0 do_shortfd_aggressive=0 do_precomb=0 do_precomb_aggressive=0 do_chain_to_tree=0 do_used_rbb_vacan=0 do_rep=1 do_reloc=0 do_repack=0 do_swabsorb=0 do_rplan=1
[              minplacer\00001_pa01_00001_character][    2] RbbUsage=120 PrePlaceTiming=72279.
[                  minplacer\00001_pa01_00002_setup][    2] Step setup
[                  minplacer\00001_pa01_00002_setup][    3] Step setup ends.
[                     minplacer\00001_pa01_00003_wl][    3] Step wl
[                     minplacer\00001_pa01_00003_wl][   30] Step wl returns 0. (timing=8019 cg=0)
[                     minplacer\00001_pa01_00003_wl][   30] Updating timing 8019 vs 2147483647.
[                 minplacer\00001_pa01_00004_repopt][   30] Step repopt
[                 minplacer\00001_pa01_00004_repopt][   40] Step repopt returns 0. (timing=8019 cg=0)
[                 minplacer\00001_pa01_00004_repopt][   40] Step has no netlist change.
[                   minplacer\00001_pa01_00005_post][   40] Step post
[                   minplacer\00001_pa01_00005_post][   75] Step post returns 0. (timing=14190R cg=0)
[                   minplacer\00001_pa01_00005_post][   75] Updating timing 14190R vs 8019.
[                  minplacer\00001_pa01_00006_rplan][   75] Step rplan
[                  minplacer\00001_pa01_00006_rplan][   85] Step rplan returns 0. (timing=14190R cg=50)
[                  minplacer\00001_pa01_00006_rplan][   85] Updating timing 14190R vs 14190R.
[                                                  ][   85] Running placer flow WLTD ends with TRUE.
[                  minplacer\00001_pa01_00006_rplan][   85] Placer job(1) finished okay with timing=14190.
[                                                  ][    2] Running placer flow WLTD (666).
[              minplacer\00003_pa03_00001_character][    2] Step character
[              minplacer\00003_pa03_00001_character][    2] Step MinPlacerChar minplacer_skip_dont_place=0 do_shortfd=0 do_shortfd_aggressive=0 do_precomb=0 do_precomb_aggressive=0 do_chain_to_tree=0 do_used_rbb_vacan=0 do_rep=1 do_reloc=0 do_repack=0 do_swabsorb=0 do_rplan=1
[              minplacer\00003_pa03_00001_character][    2] RbbUsage=120 PrePlaceTiming=72279.
[                  minplacer\00003_pa03_00002_setup][    2] Step setup
[                  minplacer\00003_pa03_00002_setup][    3] Step setup ends.
[                     minplacer\00003_pa03_00003_wl][    3] Step wl
[                     minplacer\00003_pa03_00003_wl][   30] Step wl returns 0. (timing=8098 cg=0)
[                     minplacer\00003_pa03_00003_wl][   30] Updating timing 8098 vs 2147483647.
[                 minplacer\00003_pa03_00004_repopt][   30] Step repopt
[                 minplacer\00003_pa03_00004_repopt][   40] Step repopt returns 0. (timing=8098 cg=0)
[                 minplacer\00003_pa03_00004_repopt][   40] Step has no netlist change.
[                   minplacer\00003_pa03_00005_post][   40] Step post
[                   minplacer\00003_pa03_00005_post][   80] Step post returns 0. (timing=14364R cg=0)
[                   minplacer\00003_pa03_00005_post][   80] Updating timing 14364R vs 8098.
[                  minplacer\00003_pa03_00006_rplan][   80] Step rplan
[                  minplacer\00003_pa03_00006_rplan][   90] Step rplan returns 0. (timing=14364R cg=50)
[                  minplacer\00003_pa03_00006_rplan][   90] Updating timing 14364R vs 14364R.
[                                                  ][   90] Running placer flow WLTD ends with TRUE.
[                  minplacer\00003_pa03_00006_rplan][   90] Placer job(3) finished okay with timing=14364.
[                                                  ][    2] Running placer flow WLTD (666).
[              minplacer\00002_pa02_00001_character][    2] Step character
[              minplacer\00002_pa02_00001_character][    2] Step MinPlacerChar minplacer_skip_dont_place=0 do_shortfd=0 do_shortfd_aggressive=0 do_precomb=0 do_precomb_aggressive=0 do_chain_to_tree=0 do_used_rbb_vacan=0 do_rep=1 do_reloc=0 do_repack=0 do_swabsorb=0 do_rplan=1
[              minplacer\00002_pa02_00001_character][    2] RbbUsage=120 PrePlaceTiming=72279.
[                  minplacer\00002_pa02_00002_setup][    2] Step setup
[                  minplacer\00002_pa02_00002_setup][    5] Step setup ends.
[                     minplacer\00002_pa02_00003_wl][    5] Step wl
[                     minplacer\00002_pa02_00003_wl][   30] Step wl returns 0. (timing=8050 cg=0)
[                     minplacer\00002_pa02_00003_wl][   30] Updating timing 8050 vs 2147483647.
[                 minplacer\00002_pa02_00004_repopt][   30] Step repopt
[                 minplacer\00002_pa02_00004_repopt][   40] Step repopt returns 0. (timing=8050 cg=0)
[                 minplacer\00002_pa02_00004_repopt][   40] Step has netlist change. (timing=8050 cg=0)
[                 minplacer\00002_pa02_00004_repopt][   40] Updating timing 8050 vs 8050.
[      minplacer\00002_pa02_00005_committing_nledit][   40] Step committing_nledit
[       minplacer\00002_pa02_00006_committed_nledit][   40] Step committed_nledit
[       minplacer\00002_pa02_00006_committed_nledit][   40] Step setup ends.
[       minplacer\00002_pa02_00006_committed_nledit][   40] Updating timing 8050 vs 8050.
[                  minplacer\00002_pa02_00007_repwl][   40] Step repwl
[                  minplacer\00002_pa02_00007_repwl][   51] Step repwl returns 0. (timing=8050 cg=0)
[                  minplacer\00002_pa02_00007_repwl][   51] Updating timing 8050 vs 8050.
[                   minplacer\00002_pa02_00008_post][   51] Step post
[                   minplacer\00002_pa02_00008_post][   86] Step post returns 0. (timing=14703R cg=0)
[                   minplacer\00002_pa02_00008_post][   86] Updating timing 14703R vs 8050.
[                  minplacer\00002_pa02_00009_rplan][   86] Step rplan
[                  minplacer\00002_pa02_00009_rplan][   96] Step rplan returns 0. (timing=14703R cg=50)
[                  minplacer\00002_pa02_00009_rplan][   96] Updating timing 14703R vs 14703R.
[                                                  ][   96] Running placer flow WLTD ends with TRUE.
[                  minplacer\00002_pa02_00009_rplan][   96] Placer job(2) finished okay with timing=14703.
[                                                  ][   96] End 4 jobs with 1 being accepted: [1,expjob_1]=minplacer\00001_pa01_00006_rplan
[                                                  ][   96] End 4 jobs with 3 being abandoned: [3,expjob_3]=minplacer\00003_pa03_00006_rplan [0,expjob_0]=minplacer\00000_pa00_00006_rplan [2,expjob_2]=minplacer\00002_pa02_00009_rplan
[                                                  ][   96] Running placer flow EXP receives (1).
[                  minplacer\00001_pa01_00006_rplan][   96] Updating timing 14190R vs 2147483647.
[                                                  ][   96] Running placer flow EXP ends with [minplacer\00001_pa01_00006_rplan] timing=14190.
[                  minplacer\00001_pa01_00006_rplan][   96] Step readback plc starts.
[                  minplacer\00001_pa01_00006_rplan][   96] Step readback plc ended.
MINPLACER FLOW QORSTAT REP=0 BUF=0 PPP=0 COMB=0 SHORTFD=0 RELOC=0 SWABSORB=0 PREABSORB=0
MINPLACER FLOW ENDS RET=PASS Tue Jun 16 11:53:18 2026
