The current time is Tue Jun 16 11:52:22 2026
CPUs=4
EXE="C:\Program Files\Renesas Electronics\Go Configure Software Hub\external\eda-placer\v23\eda-placer.exe"
BuildDir=C:\Program Files\Renesas Electronics\Go Configure Software Hub\external\eda-placer\v23
BuildPath="C:\Program Files\Renesas Electronics\Go Configure Software Hub\external\eda-placer\v23"
CWD=C:\Users\heyvi\AppData\Local\Temp\PuuPMsfm\out\minplacer\00002_pa02_00007_repwl
LogFile=minplacer_00002_pa02_00007.log
PrintScreen=..\_00002_pa02_stdout.txt
Command line: C:\Program Files\Renesas Electronics\Go Configure Software Hub\external\eda-placer\v23\eda-placer.exe -print_screen ..\_00002_pa02_stdout.txt -eflx_call_minplacer 00002_pa02_00007_repwl__out__ir_top
	Arg[0] C:\Program Files\Renesas Electronics\Go Configure Software Hub\external\eda-placer\v23\eda-placer.exe
	Arg[1] -print_screen
	Arg[2] ..\_00002_pa02_stdout.txt
	Arg[3] -eflx_call_minplacer
	Arg[4] 00002_pa02_00007_repwl__out__ir_top
Report CFG start:
            minplacer_output_clkloc = ..\..\minplacer\00002_pa02_00007_repwl\minplacer_clkloc.txt
           minplacer_ignore_regions = 0
    minplacer_output_vacant_lrbbloc = ..\..\minplacer\00002_pa02_00007_repwl\minplacer_vacant_lrbbloc.txt
             minplacer_input_rbbloc = ..\..\minplacer\00002_pa02_00004_repopt\minplacer_rbbloc.txt
          minplacer_input_timingdef = ..\..\minplacer\00002_pa02_00006_committed_nledit\minplacer.timing_def
               minplacer_input_edif = ..\..\minplacer\00002_pa02_00006_committed_nledit\minplacer.edf
                               loga = minplacer_00002_pa02_00007.log
              ta_report_limit_paths = -1
              minplacer_input_rd2sm = ..\..\minplacer\00002_pa02_00002_setup\minplacer.rnode2sm_def
                            verbose = 1
       minplacer_accept_stop_signal = ..\..\minplacer\stop_all.txt
    minplacer_repwl_previous_nledit = ..\..\minplacer\00002_pa02_00004_repopt\minplacer_nledit.txt
         minplacer_input_rd2sitepin = ..\..\minplacer\00002_pa02_00002_setup\minplacer.rnode2sitepin_def
minplacer_report_timing_side_effect = 0
            minplacer_output_rbbloc = ..\..\minplacer\00002_pa02_00007_repwl\minplacer_rbbloc.txt
         minplacer_pann_random_walk = 13
                 minplacer_flow_rep = 3
            minplacer_input_chipdef = ..\..\minplacer\00002_pa02_00002_setup\minplacer.chip_def
      minplacer_accept_stop_signal2 = ..\..\minplacer\stop_00002_pa02_.txt
                eflx_call_minplacer = 00002_pa02_00007_repwl__out__ir_top
                  minplacer_max_cpu = 1
                          qor_stats = 1
                  rfinder_use_table = 0
       minplacer_input_branchdlydef = ..\..\minplacer\00002_pa02_00006_committed_nledit\minplacer.branchdly_def
                       print_screen = ..\_00002_pa02_stdout.txt
             minplacer_input_rgraph = ..\..\minplacer\00002_pa02_00002_setup\minplacer.rgraph_def
                     ta_report_hold = 1
          minplacer_input_clklatdef = ..\..\minplacer\00002_pa02_00006_committed_nledit\minplacer.clklat_def
Report CFG end:
PLACER_STANDALONE STARTS.
	INPUTS:
	minplacer_input_edif=..\..\minplacer\00002_pa02_00006_committed_nledit\minplacer.edf
	minplacer_input_chipdef=..\..\minplacer\00002_pa02_00002_setup\minplacer.chip_def
	minplacer_input_ramdef=<none>
	minplacer_input_timingdef=..\..\minplacer\00002_pa02_00006_committed_nledit\minplacer.timing_def
	minplacer_input_clklatdef=..\..\minplacer\00002_pa02_00006_committed_nledit\minplacer.clklat_def
	minplacer_input_rbbloc=..\..\minplacer\00002_pa02_00004_repopt\minplacer_rbbloc.txt
	minplacer_input_tilerange=<none>
	minplacer_input_nledit=<none>
	minplacer_input_rgraph=..\..\minplacer\00002_pa02_00002_setup\minplacer.rgraph_def
	minplacer_input_rd2sm=..\..\minplacer\00002_pa02_00002_setup\minplacer.rnode2sm_def
	minplacer_input_rd2sitepin=..\..\minplacer\00002_pa02_00002_setup\minplacer.rnode2sitepin_def
	minplacer_input_branchdlydef=..\..\minplacer\00002_pa02_00006_committed_nledit\minplacer.branchdly_def
	minplacer_input_ravecs=<none>
	minplacer_input_rstarting_priority=<none>
	OUTPUTS:
	minplacer_output_edif=<none>
	minplacer_output_timingdef=<none>
	minplacer_output_clklatdef=<none>
	minplacer_output_rbbloc=..\..\minplacer\00002_pa02_00007_repwl\minplacer_rbbloc.txt
	minplacer_output_vacant_lrbbloc=..\..\minplacer\00002_pa02_00007_repwl\minplacer_vacant_lrbbloc.txt
	minplacer_output_clkloc=..\..\minplacer\00002_pa02_00007_repwl\minplacer_clkloc.txt
	minplacer_output_rteloc=<none>
	minplacer_output_tilerange=<none>
	minplacer_output_nledit=<none>
	minplacer_output_branchdlydef=<none>
	minplacer_output_ravecs=<none>
	minplacer_output_rstarting_priority=<none>
pProblemIni. isNmax=0 inflat=0 mem_dump_mode=0
Set ARRAYINFO: 32x32
ARRAYINFO: locs_per_tile=[32,32] pos_interval=[10,10] boundary_penalty=[20,10] l_shift_x0,xmult,yvalue=<1,3,0> max_iob_width=4 is_x2=0 clock=<max-num=2,max-inv=1,inv-noninv-as-one=false,ram-independent=false>
SITETYPE L LAYER=L SIDE=WEST NPIN=26/14
SITETYPE l LAYER=L SIDE=WEST NPIN=26/14
SITETYPE M LAYER=M SIDE=WEST NPIN=26/14
SITETYPE m LAYER=M SIDE=WEST NPIN=26/14
SITETYPE D LAYER=DSP SIDE=WEST NPIN=238/190
SITETYPE b LAYER=IOB SIDE=WEST NPIN=4/2
SITETYPE N LAYER=NCLT SIDE=WEST NPIN=96/48
SITETYPE R LAYER=RCLT SIDE=WEST NPIN=96/48
Getting tinfo M 0 0 64/64
Skip tile size [64,64] for TILE M X64Y64. Expecting [32,32]
Getting tinfo D 0 0 64/64
Skip tile size [64,64] for TILE D X64Y64. Expecting [32,32]
Getting tinfo I 0 0 64/64
Skip tile size [64,64] for TILE I X64Y64. Expecting [32,32]
Getting tinfo N 0 0 64/64
Skip tile size [64,64] for TILE N X64Y64. Expecting [32,32]
Getting tinfo Z 0 0 64/64
Skip tile size [64,64] for TILE Z X64Y64. Expecting [32,32]
Getting tinfo M 0 0 32/32
Getting tinfo M 10 0 64/64
Skip tile size [64,64] for TILEWHITE M 10 0 X64Y64. Expecting [32,32]
Getting tinfo M 20 0 64/64
Skip tile size [64,64] for TILEWHITE M 20 0 X64Y64. Expecting [32,32]
Getting tinfo M 30 0 64/64
Skip tile size [64,64] for TILEWHITE M 30 0 X64Y64. Expecting [32,32]
Getting tinfo D 10 0 64/64
Skip tile size [64,64] for TILEWHITE D 10 0 X64Y64. Expecting [32,32]
Getting tinfo D 20 0 64/64
Skip tile size [64,64] for TILEWHITE D 20 0 X64Y64. Expecting [32,32]
Getting tinfo D 30 0 64/64
Skip tile size [64,64] for TILEWHITE D 30 0 X64Y64. Expecting [32,32]
Getting tinfo I 10 0 64/64
Skip tile size [64,64] for TILEWHITE I 10 0 X64Y64. Expecting [32,32]
Getting tinfo I 20 0 64/64
Skip tile size [64,64] for TILEWHITE I 20 0 X64Y64. Expecting [32,32]
Getting tinfo I 30 0 64/64
Skip tile size [64,64] for TILEWHITE I 30 0 X64Y64. Expecting [32,32]
Getting tinfo N 99 0 64/64
Skip tile size [64,64] for TILEWHITE N 99 0 X64Y64. Expecting [32,32]
Getting tinfo Z 99 0 64/64
Skip tile size [64,64] for TILEWHITE Z 99 0 X64Y64. Expecting [32,32]
GeometryDumpMap starts.
GeometryDumpMap ends.
GeometryDumpMap starts.
GeometryDumpMap ends.
Layer[L] has 14/10 sites, total_cap=140
Layer[M] has 4/10 sites, total_cap=40
Layer[DSP] has 0/0 sites, total_cap=0
Layer[NCLT] has 0/0 sites, total_cap=0
Layer[RCLT] has 0/0 sites, total_cap=0
Setup 40 LM mapping.
Layer[ZIOB] has 0/0 sites, total_cap=0
GeometryDumpLayers starts.
GeometryDumpLayers ends.
pProblemIni. eramclkAsClock=1
pProblemIniNetlist. skip_hifi=0, skip_pppff=2147483647
Netlist=NETLIST_ir_top NumInst=130 NumNet=584
NumPinst=101
	DontPlace=0, NonRootRbbChainMember=27, NonRootDspChainMember=0, Const=1, ClkBuf=1
There are 130 instances. After combining instances in chains, there are 101 instances to place.
	Clock[0] OrigClock[0] net (net_index=2) clk
NumPnet=552
NumTrivial=3 NumDriverless=0
AverageFO=2.87 #HifiNet=0 AverageFO_HifiNet=0.00
NumClk=1 (with 0 inverted)
There are 552 nets in the design. Average fanout is 2.87.
There is 1 clock in the design.
NumInsts=101
Resource usages:
 Type=L: Capacity=140 Utilized=120 NumInst=93. [ChainLen=1]=83 [ChainLen=2]=5 [ChainLen=3]=1 [ChainLen=5]=1 [ChainLen=6]=2 [ChainLen=7]=1
 Type=M: Capacity=40 Utilized=1 NumInst=1. [ChainLen=1]=1
 Type=IOB: Capacity=184 Utilized=7 NumInst=7.
Min-placement step: Replication (mode=3).


REP(mode=3) STARTS
pDelayLibIni read 0 in-tile and 255 cross-tile data points (220 extrapolated) from C:\Program Files\Renesas Electronics\Go Configure Software Hub\external\eda-placer\v23\placedelaylib.txt
pDelayLibIni. pdelay_estimate_pppff_delay=120
TileRange read: File is not given. Use whole chip.
Read 128 RBB-locations from EFLX file.
Reading timing_def file ..\..\minplacer\00002_pa02_00006_committed_nledit\minplacer.timing_def
pPipeAlloc: OptMode=1 PppFfInsertDone=0 MinPipeRtDly=98 #Chain=0 AveChainLen=0.0 MaxChainLen=0 #Net=0 AveChainFan=0.0 MaxChainFan=0 #MixedZeroFan=0 Opt_UseLatency=0 OptLine_RightSlack_WorseThreshold=100
(0) INI TWL = 52970(22370, 30600) ELAPSE=0
CROSS-TILE STAT: [0]=1582
PANN_TILERANGE LayerMask=ff TileRange={0,1; 0,1} RangeDivider=8 WL=52970 (22370, 30600) StartingIter=1 NumIters=2
Improving the placement of 94 instances for resource type(s) of RBB-L RBB-M DSP Single-Port-RAM Dual-Port-RAM Two-Port-RAM IOB Internal-IOB: ......
PANN_TILERANGE  (iter=1) WL=52420 (22360, 30060) TIMESPENT=0
PANN_TILERANGE ENDS TIMESPENT=0
(1) WL TWL = 52420(22360, 30060) ELAPSE=0
(2) FIN TWL = 52420(22360, 30060) ELAPSE=0
CROSS-TILE STAT: [0]=1582
Wrote 94 RBB-locations out of 94 core insts and 27 chained insts to EFLX file ..\..\minplacer\00002_pa02_00007_repwl\minplacer_rbbloc.txt.
Wrote 7 RBB-locations out of 7 IOB insts to EFLX file ..\..\minplacer\00002_pa02_00007_repwl\minplacer_rbbloc.txt.
Wrote 0 RBB-locations out of 7 INTIOB insts to EFLX file ..\..\minplacer\00002_pa02_00007_repwl\minplacer_rbbloc.txt.
CLOCKPLAN_INI_NETLIST: NUM_CLOCKS=1 NUM_PINSTS=101
	 #Inst/Usage        L           M         DSP       SPRAM       UPRAM       2PRAM         IOB        ZIOB        NCLT        RCLT      
	   CLOCK[ 0]*    74(   90)    1(    1)                                                                                                
	   NON_CLOCK     19(   30)                                                                                                            
CLOCKPLAN_INI_GEO: NUM_TILE_SLICES=1/1
{Rsc/Util/MinThre={L=140/120/10 ,M=40/2/8 ,DSP=0/0/4 ,SPRAM=0/0/0 ,UPRAM=0/0/0 ,2PRAM=0/0/0 ,IOB=184/7/16 ,ZIOB=0/0/0 ,NCLT=0/0/0 ,RCLT=0/0/0}
CLOCKPLAN_INI_PORTLOCKS
	CLOCK[0]* port locks:
		{IX0Y0S1I0}
BuildGaps
	GAPS[0]: - -
	GAPS[1]: - -
CreateReachables:
	CLOCK[0] reachables: [0,0]
	CLOCK[0] distance: 0
AssignPorts skipped as all clocks have locked ports.
ClockPortFile ..\..\minplacer\00002_pa02_00007_repwl\minplacer_clkloc.txt written.

*********************************** TILE REPORT ***************************************
|------------------------|
|TILE_X0Y0               |
|#INST=101               |
|#CLK=1 #INVCLK=0        |
|#ERAM_CP    0           |
|#         0   0         |
|#           0           |
|*                       |
|sa0*                    |
|L=121,L37 C90           |
|M=1 C1                  |
|IOB=7 C5                |
|------------------------|
CLUSTER[0] LAYER0=L TILE=[0,0] CLK=<0,-1> ERAMCLK=<121,0> REGION=<none>
 {L=121 C90 M=1 C1 IOB=7 C5 LCHAIN=37 DCHAIN=0} #NEI=0 REACHABLES:
CLOCK[0] #LockedPort=1 #AssignedPort=0 #OutputPort=0 TX0Y0={#Cluster=1 L=121 M=1 IOB=7}
*********************************** TILE REPORT ***************************************


Placement timing:
         Clock        Group  Achievable Frequency(MHz)
--------------  -----------  -------------------------
           clk   <UDEF_clk>                   124.224 


pDelayLibFin
REP ENDS

pProblemFin.
Min-placement step ends: Replication (mode=3). Runtime: 0:0:10 (CPU time), 0:0:10 (real time); peak memory: 1338MB.


The current time is Tue Jun 16 11:52:32 2026



