

####   Resource Utilization Report   ####

    Top level module name: ir_top

    Resource usage:
     120 Logic 6-LUT CLBs
            1 of which require RAM and/or shift-register functions
          455 CLB LUTs utilized (up to 4 per CLB)
                45 of which are 6-input LUTs
               106 of which are dual 5-input LUTs
               561 LUTs total
          229 CLB FFs utilized (up to 4 pairs per CLB)
               221 of which are LUT-FF combination
                50 of which are dual-FFs
                29 of which are dual-LUT-dual-FF combination
               279 FFs total
       7 I/O CLBs
            3  Input pins
            2  Input FFs utilized
            7 Output pins
            3 Output FFs utilized
       1 Clock
           Clock 0: net     2, clk, Fanout: 95 CLBs
           Total 1 unique clocks
    need 0 DSP and 1 Logic-Memory FPGA 1K Tiles.

 
####   Resource Utilization Complete   ####

TILE-REQ:		0		0		0		1

### Total FPGA resources from current floorplan: ###
                       184 IOBs
                       140 Logic 6-LUT CLBs
                              40 CLBs support RAM/SR

Usage of Logic CLBs is 85.7%.
    Logic-Memory CLB for RAM/Shift-Register is 2.5%.
Usage of LUTs is 81.2%.
    dual-LUTs is 18.9%.
Usage of FF is 40.9%.
    dual-FF is 8.9%.
Usage of IO CLB is 3.8%.
